[organic-ishi.myshopify.com/blogs/organic2679.html]
[cdn.shopify.com/s/files/1/0086/0251/7559/files/favicon_32x32c72d.png]
[backblue.gif]
[fade.gif]
[index.html]
[cdn.shopify.com/s/files/1/0086/0251/7559/t/4/assets/cart-notificationbdba.js]
[organic-ishi.myshopify.com/blogs/organic.html]
[cdn.shopify.com/s/files/1/0086/0251/7559/t/4/assets/globalc94a.js]
[cdn.shopify.com/s/files/1/0086/0251/7559/t/4/assets/lazysizes4045.js]
[cdn.shopify.com/s/files/1/0086/0251/7559/t/4/assets/shopa10e.js]
[organic-ishi.myshopify.com/blogs/organic.atom]
[cdn.shopify.com/shopifycloud/storefront-recaptcha-v3/v0.6/index.js]
[cdn.shopify.com/s/files/1/0086/0251/7559/t/4/assets/includes.min38fd.js]
[cdn.shopify.com/shopifycloud/shopify/assets/storefront/load_feature-7e72fb4d14f06d60c57306b80dc146f0ecdbe4e4c0941f4f3537bee4d54314af.js]
[organic-ishi.myshopify.com/blogs/organic4658.html]
[cdn.shopify.com/s/files/1/0086/0251/7559/t/4/compiled_assets/stylese648.css]
[cdn.shopify.com/shopifycloud/shopify/assets/storefront/features-87e8399988880142f2c62771b9d8f2ff6c290b3ff745dd426eb0dfe0db9d1dae.js]
[cdnjs.cloudflare.com/ajax/libs/font-awesome/4.7.0/css/font-awesome.min.css]
[cdn.shopify.com/s/files/1/0086/0251/7559/t/4/assets/includes.mina62d.css]
[cdn.shopify.com/s/files/1/0086/0251/7559/t/4/assets/basec6b2.css]
[cdn.shopify.com/s/files/1/0086/0251/7559/t/4/assets/themeb906.css]
[organic-ishi.myshopify.com/blogs/POST]
[cdn.shopify.com/s/trekkie.storefront.6967fb130a629a5a38a7939e6f3366da4c6e3e41.min.js]
[cdn.shopify.com/shopifycloud/boomerang/shopify-boomerang-1.0.0.min.js]
[cdn.shopify.com/shopifycloud/shopify/assets/shop_events_listener-53e1c676e346080489adfcb36af1739b2d334a9e308c6ff2d84d3de1bc4e6ce0.js]
[cdn.shopify.com/s/files/1/0086/0251/7559/files/background2d86.png]
[cdn.shopify.com/s/files/1/0086/0251/7559/t/4/assets/page-account4a37.css]
[cdn.shopify.com/s/files/1/0086/0251/7559/files/Logo_large_large_ac20412f-d60c-4b97-905e-085295e70357_large75e0.png]
[cdn.shopify.com/s/files/1/0086/0251/7559/files/demo-store-logo-1615437687_largef01c.png]
[cdn.shopify.com/s/files/1/0086/0251/7559/products/1_533x91f9.png]
[cdn.shopify.com/s/files/1/0086/0251/7559/files/Menu-banner-2_4704a0d4-e595-4906-bd77-5b26263e749f6bc3.png]
[cdn.shopify.com/s/files/1/0086/0251/7559/files/menu-banner-3_70cd5663-1108-4e89-aea5-14326df32185436c.png]
[cdn.shopify.com/s/files/1/0086/0251/7559/products/2_19e65f58-6fab-4b73-a7a4-bf41a432b102_533x2ab0.png]
[cdn.shopify.com/s/files/1/0086/0251/7559/files/Menu-banner_8cae264b-a72a-4fbf-ad59-026b4f888141d0e1.png]
[cdn.shopify.com/s/files/1/0086/0251/7559/t/4/assets/page-blog0689.css]
[organic-ishi.myshopify.com/blogs/organic/scelerisque-vestibulum-urna.html]
[cdn.shopify.com/s/files/1/0086/0251/7559/articles/3b272.png]
[organic-ishi.myshopify.com/blogs/organic/upon-of-seasons-earth.html]
[cdn.shopify.com/s/files/1/0086/0251/7559/articles/5c082.png]
[organic-ishi.myshopify.com/blogs/organic/nostro-expetenda-voluptat.html]
[cdn.shopify.com/s/files/1/0086/0251/7559/articles/688c3.png]
[organic-ishi.myshopify.com/blogs/organic/lorem-ipsum-dolor-sit.html]
[cdn.shopify.com/s/files/1/0086/0251/7559/articles/493c1.png]
[organic-ishi.myshopify.com/blogs/organic/upon-of-seasons-dominion.html]
[cdn.shopify.com/s/files/1/0086/0251/7559/articles/807d8.png]
[organic-ishi.myshopify.com/blogs/organic/nec-intellegat-deseruisse-te.html]
[cdn.shopify.com/s/files/1/0086/0251/7559/articles/77ae4.png]
[cdn.shopify.com/s/files/1/0086/0251/7559/files/2_de786d25-bc5e-4389-bc9a-8a6fdd4bbef5_500x5003c98.png]
[cdn.shopify.com/s/files/1/0086/0251/7559/files/3_37416915-be82-49cd-af80-01cac036f8a0_500x5001d85.png]
[cdn.shopify.com/s/files/1/0086/0251/7559/files/1_61c70a53-fafe-4fd5-a1b0-f77d516be1d9_500x50088e4.png]
[cdn.shopify.com/s/files/1/0086/0251/7559/files/7_30c6c4b8-9d24-47bd-9e48-14039e5551ad_500x5000133.png]
[cdn.shopify.com/s/files/1/0086/0251/7559/files/8_9177c71a-ceaf-4ce3-acab-c3af764755b0_500x5004043.png]
[cdn.shopify.com/s/files/1/0086/0251/7559/files/10_500x50019ef.png]
[cdn.shopify.com/s/files/1/0086/0251/7559/t/4/assets/no-image70ff.png]
[cdn.shopify.com/s/files/1/0086/0251/7559/t/4/assets/slideref9e.js]
[cdn.shopify.com/s/files/1/0086/0251/7559/t/4/assets/variants9e7d.js]
[organic-ishi.myshopify.com/blogs/organic2679.html]
[organic-ishi.myshopify.com/blogs/organic.html]
[cdn.shopify.com/s/files/1/0086/0251/7559/articles/28eab.png]
[organic-ishi.myshopify.com/blogs/organic/lorem-ipsum-dolor-sit-amet-ipsum.html]
[cdn.shopify.com/s/files/1/0086/0251/7559/articles/1f1d7.png]
[organic-ishi.myshopify.com/blogs/organic/christmas-sale-is-here-7.html]
[organic-ishi.myshopify.com/blogs/organic4658.html]
[cdn.shopify.com/s/files/1/0086/0251/7559/t/4/compiled_assets/stylese648.css]
[cdnjs.cloudflare.com/ajax/libs/font-awesome/4.7.0/css/font-awesome.min.css]
[cdn.shopify.com/s/files/1/0086/0251/7559/t/4/assets/owl.video.play.39.delayed]
[cdn.shopify.com/s/files/1/0086/0251/7559/t/4/assets/includes.mina62d.css]
[cdn.shopify.com/s/files/1/0086/0251/7559/t/4/assets/comment-blogfd3f.jpg]
[cdn.shopify.com/s/files/1/0086/0251/7559/t/4/assets/basec6b2.css]
[cdn.shopify.com/s/files/1/0086/0251/7559/t/4/assets/themeb906.css]
[organic-ishi.myshopify.com/blogs/POST.html]
[cdn.shopify.com/s/files/1/0086/0251/7559/t/4/assets/page-account4a37.css]
[cdn.shopify.com/s/files/1/0086/0251/7559/t/4/assets/page-blog0689.css]
[organic-ishi.myshopify.com/blogs/organic/POST]
[cdn.shopify.com/s/files/1/0086/0251/7559/products/18_1e78d125-fa7a-414e-ad2a-943d281f1881_533x51d0.png]
[cdn.shopify.com/s/files/1/0086/0251/7559/products/19_4d43a56b-f660-495e-8065-c58ac0b25f02_533x6a1e.png]
[cdn.shopify.com/s/files/1/0086/0251/7559/products/17_21afa0f1-1a98-4e1f-b2e0-cabfcef22618_533xa1b1.png]
[cdn.shopify.com/s/files/1/0086/0251/7559/products/20_e9ccb755-8c4d-434f-9beb-e70fd1d13151_533x91f5.png]
[cdn.shopify.com/s/files/1/0086/0251/7559/products/14_644abfe8-942e-469b-afb8-8778d5757e65_533xdd01.png]
[cdn.shopify.com/s/files/1/0086/0251/7559/products/15_5c669420-20dd-4001-89eb-841d20252e98_533x2df5.png]
[cdn.shopify.com/s/files/1/0086/0251/7559/files/Left-banner_6b9b6278-c0b2-4c75-a6ac-ab39bae0615ddb57.png]
[cdn.shopify.com/s/files/1/0086/0251/7559/products/5_463b6ce0-e7e0-461c-b9c1-c1d32af79676_533xac07.png]
[cdn.shopify.com/s/files/1/0086/0251/7559/products/6_533x7dd4.png]
[cdn.shopify.com/s/files/1/0086/0251/7559/products/3_28e3cf02-0b4c-4dfb-9fae-3ca0adb53740_533xba6a.png]
[cdn.shopify.com/s/files/1/0086/0251/7559/products/12_533xa0e4.png]
[cdn.shopify.com/s/files/1/0086/0251/7559/products/17_533xa49a.png]
[cdn.shopify.com/s/files/1/0086/0251/7559/articles/3_1100xb272.png]
[organic-ishi.myshopify.com/blogs/organic/scelerisque-vestibulum-urna.html]
[cdn.shopify.com/s/files/1/0086/0251/7559/articles/5_1100xc082.png]
[s7.addthis.com/js/300/addthis_widget.js]
[organic-ishi.myshopify.com/blogs/organic/upon-of-seasons-earth.html]
[cdn.shopify.com/s/files/1/0086/0251/7559/articles/6_1100x88c3.png]
[organic-ishi.myshopify.com/blogs/organic/nostro-expetenda-voluptat.html]
[cdn.shopify.com/s/files/1/0086/0251/7559/articles/4_1100x93c1.png]
[organic-ishi.myshopify.com/blogs/organic/lorem-ipsum-dolor-sit.html]
[cdn.shopify.com/s/files/1/0086/0251/7559/articles/8_1100x07d8.png]
[organic-ishi.myshopify.com/blogs/organic/upon-of-seasons-dominion.html]
[cdn.shopify.com/s/files/1/0086/0251/7559/articles/7_1100x7ae4.png]
[organic-ishi.myshopify.com/blogs/organic/nec-intellegat-deseruisse-te.html]
[cdn.shopify.com/s/files/1/0086/0251/7559/articles/2_1100x8eab.png]
[organic-ishi.myshopify.com/blogs/organic/lorem-ipsum-dolor-sit-amet-ipsum.html]
[cdn.shopify.com/s/files/1/0086/0251/7559/articles/1_1100xf1d7.png]
[organic-ishi.myshopify.com/blogs/organic/christmas-sale-is-here-7.html]
[cdn.shopify.com/s/files/1/0086/0251/7559/t/4/assets/owl.video.play.html]
[organic-ishi.myshopify.com/blogs/organic/POST.html]
