[backblue.gif]
[fade.gif]
[index.html]
[localhost/project/admin panel/admin panel/www.bootstrapdash.com/demo/xollo/template/assets/images/faces/face1.jpg]
[localhost/project/admin panel/admin panel/www.bootstrapdash.com/demo/xollo/template/assets/images/faces/face2.jpg]
[localhost/project/admin panel/admin panel/www.bootstrapdash.com/demo/xollo/template/assets/images/faces/face3.jpg]
[localhost/project/admin panel/admin panel/www.bootstrapdash.com/demo/xollo/template/assets/images/faces/face4.jpg]
[localhost/project/admin panel/admin panel/www.bootstrapdash.com/demo/xollo/template/assets/images/faces/face5.jpg]
[localhost/project/admin panel/admin panel/www.bootstrapdash.com/demo/xollo/template/assets/images/faces/face6.jpg]
[localhost/project/admin panel/admin panel/www.bootstrapdash.com/demo/xollo/template/assets/images/faces/face20.jpg]
[localhost/project/admin panel/admin panel/www.bootstrapdash.com/demo/xollo/template/assets/vendors/js/vendor.bundle.base.js]
[localhost/project/admin panel/admin panel/www.bootstrapdash.com/demo/xollo/template/assets/vendors/datatables.net/jquery.dataTables.js]
[localhost/project/admin panel/admin panel/www.bootstrapdash.com/demo/xollo/template/assets/vendors/datatables.net-bs4/dataTables.bootstrap4.js]
[localhost/project/admin panel/admin panel/www.bootstrapdash.com/demo/xollo/template/assets/js/off-canvas.js]
[localhost/project/admin panel/admin panel/www.bootstrapdash.com/demo/xollo/template/assets/js/hoverable-collapse.js]
[localhost/project/admin panel/admin panel/www.bootstrapdash.com/demo/xollo/template/assets/js/misc.js]
[localhost/project/admin panel/admin panel/www.bootstrapdash.com/demo/xollo/template/assets/js/settings.js]
[localhost/project/admin panel/admin panel/www.bootstrapdash.com/demo/xollo/template/assets/js/todolist.js]
[localhost/project/admin panel/admin panel/www.bootstrapdash.com/demo/xollo/template/assets/js/data-table.js]
[localhost/project/admin panel/admin panel/www.bootstrapdash.com/demo/xollo/template/demo_1/pages/tables/data-table.html]
[localhost/project/admin panel/admin panel/www.bootstrapdash.com/demo/xollo/template/assets/vendors/mdi/css/materialdesignicons.min.css]
[localhost/project/admin panel/admin panel/www.bootstrapdash.com/demo/xollo/template/assets/vendors/flag-icon-css/css/flag-icon.min.css]
[localhost/project/admin panel/admin panel/www.bootstrapdash.com/demo/xollo/template/assets/vendors/css/vendor.bundle.base.css]
[localhost/project/admin panel/admin panel/www.datatables.net/examples/resources/details_open.png]
[localhost/project/admin panel/admin panel/www.datatables.net/examples/resources/details_close.png]
[localhost/project/admin panel/admin panel/www.bootstrapdash.com/demo/xollo/template/assets/vendors/datatables.net-bs4/dataTables.bootstrap4.css]
[localhost/project/admin panel/admin panel/www.bootstrapdash.com/demo/xollo/template/assets/images/samples/300x300/1.jpg]
[localhost/project/admin panel/admin panel/www.bootstrapdash.com/demo/xollo/template/assets/images/samples/300x300/2.jpg]
[localhost/project/admin panel/admin panel/www.bootstrapdash.com/demo/xollo/template/assets/images/samples/300x300/3.jpg]
[localhost/project/admin panel/admin panel/www.bootstrapdash.com/demo/xollo/template/assets/images/sprites/jsgrid-icons.png]
[localhost/project/admin panel/admin panel/www.bootstrapdash.com/demo/xollo/template/assets/images/auth/login_1.jpg]
[localhost/project/admin panel/admin panel/www.bootstrapdash.com/demo/xollo/template/assets/images/auth/login_2.jpg]
[localhost/project/admin panel/admin panel/www.bootstrapdash.com/demo/xollo/template/assets/images/auth/register_1.jpg]
[localhost/project/admin panel/admin panel/www.bootstrapdash.com/demo/xollo/template/assets/images/auth/register_2.jpg]
[localhost/project/admin panel/admin panel/www.bootstrapdash.com/demo/xollo/template/assets/images/auth/lock_bg.jpg]
[localhost/project/admin panel/admin panel/www.bootstrapdash.com/demo/xollo/template/assets/css/demo_1/style.css]
[localhost/project/admin panel/admin panel/www.bootstrapdash.com/demo/xollo/template/assets/images/faces-clipart/pic-1.png]
[localhost/project/admin panel/admin panel/www.bootstrapdash.com/demo/xollo/template/assets/images/faces-clipart/pic-2.png]
[localhost/project/admin panel/admin panel/www.bootstrapdash.com/demo/xollo/template/assets/images/faces-clipart/pic-3.png]
[localhost/project/admin panel/admin panel/www.bootstrapdash.com/demo/xollo/template/assets/images/faces-clipart/pic-4.png]
[localhost/project/admin panel/admin panel/www.bootstrapdash.com/demo/xollo/template/demo_1/pages/tables/basic-table.html]
[localhost/project/admin panel/admin panel/www.bootstrapdash.com/demo/xollo/template/assets/vendors/jsgrid/jsgrid.min.js]
[localhost/project/admin panel/admin panel/www.bootstrapdash.com/demo/xollo/template/assets/js/js-grid.js]
[localhost/project/admin panel/admin panel/www.bootstrapdash.com/demo/xollo/template/assets/js/db.js]
[localhost/project/admin panel/admin panel/www.bootstrapdash.com/demo/xollo/template/demo_1/pages/tables/js-grid.html]
[localhost/project/admin panel/admin panel/www.bootstrapdash.com/demo/xollo/template/assets/js/jq.tablesort.js]
[localhost/project/admin panel/admin panel/www.bootstrapdash.com/demo/xollo/template/assets/js/tablesorter.js]
[localhost/project/admin panel/admin panel/www.bootstrapdash.com/demo/xollo/template/demo_1/pages/tables/sortable-table.html]
[localhost/project/admin panel/admin panel/www.bootstrapdash.com/demo/xollo/template/assets/vendors/jsgrid/jsgrid.min.css]
[localhost/project/admin panel/admin panel/www.bootstrapdash.com/demo/xollo/template/assets/vendors/jsgrid/jsgrid-theme.min.css]
