[organic-ishi.myshopify.com/index3631.html]
[cdn.shopify.com/s/files/1/0086/0251/7559/files/favicon_32x32c72d.png]
[backblue.gif]
[fade.gif]
[index.html]
[cdn.shopify.com/s/files/1/0086/0251/7559/t/4/assets/cart-notificationbdba.js]
[cdn.shopify.com/s/files/1/0086/0251/7559/t/4/assets/globalc94a.js]
[cdn.shopify.com/s/files/1/0086/0251/7559/t/4/assets/lazysizes4045.js]
[organic-ishi.myshopify.com/index.html]
[cdn.shopify.com/s/files/1/0086/0251/7559/t/4/assets/shopa10e.js]
[cdn.shopify.com/s/files/1/0086/0251/7559/t/4/assets/includes.min38fd.js]
[organic-ishi.myshopify.com/ar.html]
[organic-ishi.myshopify.com/es.html]
[cdn.shopify.com/shopifycloud/storefront-recaptcha-v3/v0.6/index.js]
[cdn.shopify.com/shopifycloud/shopify/assets/storefront/load_feature-7e72fb4d14f06d60c57306b80dc146f0ecdbe4e4c0941f4f3537bee4d54314af.js]
[cdn.shopify.com/shopifycloud/shopify/assets/storefront/features-87e8399988880142f2c62771b9d8f2ff6c290b3ff745dd426eb0dfe0db9d1dae.js]
[cdn.shopify.com/s/files/1/0086/0251/7559/t/4/compiled_assets/stylese648.css]
[cdnjs.cloudflare.com/ajax/libs/font-awesome/4.7.0/css/font-awesome.min.css]
[cdn.shopify.com/s/files/1/0086/0251/7559/t/4/assets/includes.mina62d.css]
[cdn.shopify.com/s/files/1/0086/0251/7559/t/4/assets/basec6b2.css]
[cdn.shopify.com/s/files/1/0086/0251/7559/t/4/assets/themeb906.css]
[organic-ishi.myshopify.com/POST.10.delayed]
[cdn.shopify.com/s/trekkie.storefront.6967fb130a629a5a38a7939e6f3366da4c6e3e41.min.js]
[cdn.shopify.com/shopifycloud/boomerang/shopify-boomerang-1.0.0.min.js]
[cdn.shopify.com/shopifycloud/shopify/assets/shop_events_listener-53e1c676e346080489adfcb36af1739b2d334a9e308c6ff2d84d3de1bc4e6ce0.js]
[cdn.shopify.com/s/files/1/0086/0251/7559/files/background2d86.png]
[cdn.shopify.com/s/files/1/0086/0251/7559/t/4/assets/page-account4a37.css]
[cdn.shopify.com/s/files/1/0086/0251/7559/files/Logo_large_large_ac20412f-d60c-4b97-905e-085295e70357_large75e0.png]
[cdn.shopify.com/s/files/1/0086/0251/7559/files/demo-store-logo-1615437687_largef01c.png]
[organic-ishi.myshopify.com/pages/wishlist.html]
[organic-ishi.myshopify.com/collections/organic-products.html]
[organic-ishi.myshopify.com/collections/fruits.html]
[organic-ishi.myshopify.com/collections/organic.html]
[organic-ishi.myshopify.com/collections/vegetables.html]
[cdn.shopify.com/s/files/1/0086/0251/7559/products/1_533x91f9.png]
[organic-ishi.myshopify.com/collections/special-oraganics.html]
[organic-ishi.myshopify.com/products/mauris-bibendum.html]
[cdn.shopify.com/s/files/1/0086/0251/7559/files/Menu-banner-2_4704a0d4-e595-4906-bd77-5b26263e749f6bc3.png]
[organic-ishi.myshopify.com/collections/new-organics.html]
[cdn.shopify.com/s/files/1/0086/0251/7559/files/menu-banner-3_70cd5663-1108-4e89-aea5-14326df32185436c.png]
[organic-ishi.myshopify.com/collections/men.23.delayed]
[cdn.shopify.com/s/files/1/0086/0251/7559/products/2_19e65f58-6fab-4b73-a7a4-bf41a432b102_533x2ab0.png]
[organic-ishi.myshopify.com/products/fusce-fermentum.html]
[organic-ishi.myshopify.com/collections.html]
[cdn.shopify.com/s/files/1/0086/0251/7559/files/Menu-banner_8cae264b-a72a-4fbf-ad59-026b4f888141d0e1.png]
[organic-ishi.myshopify.com/pages/contact.html]
[organic-ishi.myshopify.com/blogs/organic.html]
[organic-ishi.myshopify.com/abcd]
[organic-ishi.myshopify.com/pages/faqs.html]
[cdn.shopify.com/s/files/1/0086/0251/7559/files/slide-2_b67517ef-0570-42f6-a807-c2e50d7ad30bf029.png]
[organic-ishi.myshopify.com/products/american-orange.html]
[organic-ishi.myshopify.com/pages/about-us.html]
[cdn.shopify.com/s/files/1/0086/0251/7559/files/slide-134f6.png]
[organic-ishi.myshopify.com/products/donec-eu-libero.html]
[cdn.shopify.com/s/files/1/0086/0251/7559/files/topbanner-1d13b.png]
[cdn.shopify.com/s/files/1/0086/0251/7559/files/topbanner-2ad57.png]
[cdn.shopify.com/s/files/1/0086/0251/7559/files/topbanner-3ee45.png]
[cdn.shopify.com/s/files/1/0086/0251/7559/files/topbanner-48e8f.png]
[cdn.shopify.com/s/files/1/0086/0251/7559/files/titlee959.png]
[cdn.shopify.com/s/files/1/0086/0251/7559/products/3_05cdcdef-27c7-4959-9b4e-807c1d68a37b2a90.png]
[cdn.shopify.com/s/files/1/0086/0251/7559/products/4_6f623406-d5ce-42e6-b1e8-b4b6e98b9e14b3a0.png]
[organic-ishi.myshopify.com/products/organic-banana.html]
[cdn.shopify.com/s/files/1/0086/0251/7559/products/20_c81ec43b-1a12-4a21-a7cd-8ae909b0269331bf.png]
[cdn.shopify.com/s/files/1/0086/0251/7559/products/18_abb4f969-af5d-4335-9fd0-1dae640b535631bf.png]
[organic-ishi.myshopify.com/products/vel-neque-posuere.html]
[cdn.shopify.com/s/files/1/0086/0251/7559/products/17_21afa0f1-1a98-4e1f-b2e0-cabfcef22618a1b1.png]
[cdn.shopify.com/s/files/1/0086/0251/7559/products/20_e9ccb755-8c4d-434f-9beb-e70fd1d1315191f5.png]
[cdn.shopify.com/s/files/1/0086/0251/7559/products/14_644abfe8-942e-469b-afb8-8778d5757e65dd01.png]
[organic-ishi.myshopify.com/products/the-watermalen.html]
[cdn.shopify.com/s/files/1/0086/0251/7559/products/15_5c669420-20dd-4001-89eb-841d20252e982df5.png]
[organic-ishi.myshopify.com/products/vis-feugiat-delenit.html]
[cdn.shopify.com/s/files/1/0086/0251/7559/products/18_1e78d125-fa7a-414e-ad2a-943d281f188151d0.png]
[cdn.shopify.com/s/files/1/0086/0251/7559/products/19_4d43a56b-f660-495e-8065-c58ac0b25f026a1e.png]
[cdn.shopify.com/s/files/1/0086/0251/7559/products/19ac6c.png]
[organic-ishi.myshopify.com/products/consectetur-apple.html]
[cdn.shopify.com/s/files/1/0086/0251/7559/products/1849db.png]
[cdn.shopify.com/s/files/1/0086/0251/7559/products/191f9.png]
[cdn.shopify.com/s/files/1/0086/0251/7559/products/2cc6f.png]
[cdn.shopify.com/s/files/1/0086/0251/7559/products/15_4b324165-4567-4f7a-b122-89ecca6059babaa9.png]
[organic-ishi.myshopify.com/products/organic-chilli.html]
[cdn.shopify.com/s/files/1/0086/0251/7559/products/16_33ffe5fa-fb03-430f-8f35-97e9bf98e5fe6910.png]
[cdn.shopify.com/s/files/1/0086/0251/7559/products/2_19e65f58-6fab-4b73-a7a4-bf41a432b1022ab0.png]
[cdn.shopify.com/s/files/1/0086/0251/7559/products/3_28e3cf02-0b4c-4dfb-9fae-3ca0adb53740ba6a.png]
[organic-ishi.myshopify.com/products/japanese-strawberry.html]
[cdn.shopify.com/s/files/1/0086/0251/7559/products/5_463b6ce0-e7e0-461c-b9c1-c1d32af79676ac07.png]
[cdn.shopify.com/s/files/1/0086/0251/7559/products/67dd4.png]
[cdn.shopify.com/s/files/1/0086/0251/7559/products/12a0e4.png]
[cdn.shopify.com/s/files/1/0086/0251/7559/products/17a49a.png]
[cdn.shopify.com/s/files/1/0086/0251/7559/products/10_7b94b89f-7956-4442-8943-f726aabce98b0b2d.png]
[organic-ishi.myshopify.com/products/fresh-vagitables.html]
[cdn.shopify.com/s/files/1/0086/0251/7559/products/13_a6f0e128-ff6f-44e2-a5fc-976c949db827ac84.png]
[cdn.shopify.com/s/files/1/0086/0251/7559/products/4_f63d4e33-1fd0-4c1d-9981-31090ff251249c6c.png]
[organic-ishi.myshopify.com/products/sed-at-nunc-quis.html]
[cdn.shopify.com/s/files/1/0086/0251/7559/products/8_60bf2ed7-02c3-4bf5-92aa-52e84a2a0401a756.png]
[cdn.shopify.com/s/files/1/0086/0251/7559/products/6_5239d19c-5566-435d-bd59-ebc586ae50d6bf8b.png]
[organic-ishi.myshopify.com/products/porro-quisquam.html]
[cdn.shopify.com/s/files/1/0086/0251/7559/products/7_486c98a2-49da-4a33-acb2-96260fb9a13f4b12.png]
[cdn.shopify.com/s/files/1/0086/0251/7559/products/11f8e1.png]
[organic-ishi.myshopify.com/products/the-roasted-bean.html]
[cdn.shopify.com/s/files/1/0086/0251/7559/products/12_4a95a419-bb93-4933-89e9-e01dbc5cd1b2f8e1.png]
[cdn.shopify.com/s/files/1/0086/0251/7559/files/T2af35.png]
[cdn.shopify.com/s/files/1/0086/0251/7559/files/T3fce7.png]
[cdn.shopify.com/s/files/1/0086/0251/7559/files/T1bc2f.png]
[cdn.shopify.com/shopifycloud/shopify/assets/no-image-2048-5e88c1b20e087fb7bbe9a3771824e743c244f437e4f8ba93bbf7b11b53f7824c.gif]
[cdn.shopify.com/s/files/1/0086/0251/7559/articles/3b272.png]
[organic-ishi.myshopify.com/blogs/organic/scelerisque-vestibulum-urna.html]
[cdn.shopify.com/s/files/1/0086/0251/7559/articles/5c082.png]
[organic-ishi.myshopify.com/blogs/organic/upon-of-seasons-earth.html]
[cdn.shopify.com/s/files/1/0086/0251/7559/articles/688c3.png]
[organic-ishi.myshopify.com/blogs/organic/nostro-expetenda-voluptat.html]
[organic-ishi.myshopify.com/blogs/organic/lorem-ipsum-dolor-sit.html]
[cdn.shopify.com/s/files/1/0086/0251/7559/articles/493c1.png]
[cdn.shopify.com/s/files/1/0086/0251/7559/articles/807d8.png]
[organic-ishi.myshopify.com/blogs/organic/upon-of-seasons-dominion.html]
[organic-ishi.myshopify.com/blogs/organic/nec-intellegat-deseruisse-te.html]
[cdn.shopify.com/s/files/1/0086/0251/7559/articles/77ae4.png]
[organic-ishi.myshopify.com/account/login4236.html]
[organic-ishi.myshopify.com/cart.html]
[organic-ishi.myshopify.com/policies/refund-policy.html]
[cdn.shopify.com/s/files/1/0086/0251/7559/files/2_de786d25-bc5e-4389-bc9a-8a6fdd4bbef5_500x5003c98.png]
[cdn.shopify.com/s/files/1/0086/0251/7559/files/3_37416915-be82-49cd-af80-01cac036f8a0_500x5001d85.png]
[cdn.shopify.com/s/files/1/0086/0251/7559/files/1_61c70a53-fafe-4fd5-a1b0-f77d516be1d9_500x50088e4.png]
[cdn.shopify.com/s/files/1/0086/0251/7559/files/7_30c6c4b8-9d24-47bd-9e48-14039e5551ad_500x5000133.png]
[cdn.shopify.com/s/files/1/0086/0251/7559/files/8_9177c71a-ceaf-4ce3-acab-c3af764755b0_500x5004043.png]
[cdn.shopify.com/s/files/1/0086/0251/7559/files/10_500x50019ef.png]
[cdn.shopify.com/s/files/1/0086/0251/7559/files/1019ef.png]
[cdn.shopify.com/s/files/1/0086/0251/7559/t/4/assets/no-image70ff.png]
[cdn.shopify.com/s/files/1/0086/0251/7559/t/4/assets/slideref9e.js]
[organic-ishi.myshopify.com/index3631.html]
[cdn.shopify.com/s/files/1/0086/0251/7559/t/4/assets/variants9e7d.js]
[organic-ishi.myshopify.com/index.html]
[organic-ishi.myshopify.com/ar/index.html]
[organic-ishi.myshopify.com/ar/collections/organic-products.html]
[organic-ishi.myshopify.com/ar/collections/fruits.html]
[organic-ishi.myshopify.com/ar/collections/vegetables.html]
[organic-ishi.myshopify.com/ar/collections/organic.html]
[organic-ishi.myshopify.com/ar/collections/special-oraganics.html]
[organic-ishi.myshopify.com/ar/products/mauris-bibendum.html]
[organic-ishi.myshopify.com/ar/collections/new-organics.html]
[organic-ishi.myshopify.com/ar/collections/men]
[organic-ishi.myshopify.com/ar/products/fusce-fermentum.html]
[organic-ishi.myshopify.com/ar/collections.html]
[organic-ishi.myshopify.com/ar/pages/wishlist.html]
[organic-ishi.myshopify.com/ar/pages/contact.html]
[organic-ishi.myshopify.com/ar/blogs/organic.html]
[organic-ishi.myshopify.com/ar/abcd]
[organic-ishi.myshopify.com/ar/pages/faqs.html]
[organic-ishi.myshopify.com/ar/pages/about-us.html]
[organic-ishi.myshopify.com/ar/products/american-orange.html]
[organic-ishi.myshopify.com/ar/products/donec-eu-libero.html]
[organic-ishi.myshopify.com/ar/products/organic-banana.html]
[organic-ishi.myshopify.com/ar/products/vel-neque-posuere.html]
[organic-ishi.myshopify.com/ar/products/the-watermalen.html]
[organic-ishi.myshopify.com/ar/products/vis-feugiat-delenit.html]
[organic-ishi.myshopify.com/ar/products/consectetur-apple.html]
[organic-ishi.myshopify.com/ar/products/organic-chilli.html]
[organic-ishi.myshopify.com/ar/products/japanese-strawberry.html]
[organic-ishi.myshopify.com/ar/products/fresh-vagitables.html]
[organic-ishi.myshopify.com/ar/products/sed-at-nunc-quis.html]
[organic-ishi.myshopify.com/ar/products/porro-quisquam.html]
[organic-ishi.myshopify.com/ar/products/the-roasted-bean.html]
[organic-ishi.myshopify.com/ar/blogs/organic/scelerisque-vestibulum-urna.html]
[organic-ishi.myshopify.com/ar/blogs/organic/upon-of-seasons-earth.html]
[organic-ishi.myshopify.com/ar/blogs/organic/nostro-expetenda-voluptat.html]
[organic-ishi.myshopify.com/ar/blogs/organic/lorem-ipsum-dolor-sit.html]
[organic-ishi.myshopify.com/ar/blogs/organic/upon-of-seasons-dominion.html]
[organic-ishi.myshopify.com/ar/blogs/organic/nec-intellegat-deseruisse-te.html]
[organic-ishi.myshopify.com/ar/account/loginbb0d.html]
[organic-ishi.myshopify.com/ar/cart.html]
[organic-ishi.myshopify.com/ar.html]
[organic-ishi.myshopify.com/ar/policies/refund-policy.html]
[organic-ishi.myshopify.com/es/index.html]
[organic-ishi.myshopify.com/es/collections/organic-products.html]
[organic-ishi.myshopify.com/es/collections/fruits.html]
[organic-ishi.myshopify.com/es/collections/vegetables.html]
[organic-ishi.myshopify.com/es/collections/organic.html]
[organic-ishi.myshopify.com/es/collections/special-oraganics.html]
[organic-ishi.myshopify.com/es/products/mauris-bibendum.html]
[organic-ishi.myshopify.com/es/collections/new-organics.html]
[organic-ishi.myshopify.com/es/collections/men]
[organic-ishi.myshopify.com/es/products/fusce-fermentum.html]
[organic-ishi.myshopify.com/es/collections.html]
[organic-ishi.myshopify.com/es/pages/wishlist.html]
[organic-ishi.myshopify.com/es/pages/contact.html]
[organic-ishi.myshopify.com/es/blogs/organic.html]
[organic-ishi.myshopify.com/es/abcd]
[organic-ishi.myshopify.com/es/pages/faqs.html]
[organic-ishi.myshopify.com/es/pages/about-us.html]
[organic-ishi.myshopify.com/es/products/american-orange.html]
[organic-ishi.myshopify.com/es/products/donec-eu-libero.html]
[organic-ishi.myshopify.com/es/products/organic-banana.html]
[organic-ishi.myshopify.com/es/products/vel-neque-posuere.html]
[organic-ishi.myshopify.com/es/products/the-watermalen.html]
[organic-ishi.myshopify.com/es/products/vis-feugiat-delenit.html]
[organic-ishi.myshopify.com/es/products/consectetur-apple.html]
[organic-ishi.myshopify.com/es/products/organic-chilli.html]
[organic-ishi.myshopify.com/es/products/japanese-strawberry.html]
[organic-ishi.myshopify.com/es/products/fresh-vagitables.html]
[organic-ishi.myshopify.com/es/products/sed-at-nunc-quis.html]
[organic-ishi.myshopify.com/es/products/porro-quisquam.html]
[organic-ishi.myshopify.com/es/products/the-roasted-bean.html]
[organic-ishi.myshopify.com/es/blogs/organic/scelerisque-vestibulum-urna.html]
[organic-ishi.myshopify.com/es/blogs/organic/upon-of-seasons-earth.html]
[organic-ishi.myshopify.com/es/blogs/organic/nostro-expetenda-voluptat.html]
[organic-ishi.myshopify.com/es/blogs/organic/lorem-ipsum-dolor-sit.html]
[organic-ishi.myshopify.com/es/blogs/organic/upon-of-seasons-dominion.html]
[organic-ishi.myshopify.com/es/blogs/organic/nec-intellegat-deseruisse-te.html]
[organic-ishi.myshopify.com/es/account/loginfdf5.html]
[organic-ishi.myshopify.com/es/cart.html]
[organic-ishi.myshopify.com/es.html]
[cdn.shopify.com/s/files/1/0086/0251/7559/t/4/compiled_assets/stylese648.css]
[cdnjs.cloudflare.com/ajax/libs/font-awesome/4.7.0/css/font-awesome.min.css]
[cdn.shopify.com/s/files/1/0086/0251/7559/t/4/assets/owl.video.play.cb.delayed]
[cdn.shopify.com/s/files/1/0086/0251/7559/t/4/assets/includes.mina62d.css]
[organic-ishi.myshopify.com/es/policies/refund-policy.html]
[cdn.shopify.com/s/files/1/0086/0251/7559/t/4/assets/comment-blogfd3f.jpg]
[cdn.shopify.com/s/files/1/0086/0251/7559/t/4/assets/basec6b2.css]
[cdn.shopify.com/s/files/1/0086/0251/7559/t/4/assets/themeb906.css]
[organic-ishi.myshopify.com/POST.html]
[organic-ishi.myshopify.com/pages/POST]
[organic-ishi.myshopify.com/pages/wishlist.html]
[cdn.shopify.com/s/files/1/0086/0251/7559/t/4/assets/page-account4a37.css]
[cdn.shopify.com/s/files/1/0086/0251/7559/collections/Category-banner_d64cf45a-6528-4891-9305-d23f02f54320b11b.png]
[organic-ishi.myshopify.com/collections/organic-products.atom]
[organic-ishi.myshopify.com/collections/organic-products.oembed]
[organic-ishi.myshopify.com/collections/POST]
[cdn.shopify.com/s/files/1/0086/0251/7559/products/18_1e78d125-fa7a-414e-ad2a-943d281f1881_533x51d0.png]
[cdn.shopify.com/s/files/1/0086/0251/7559/products/19_4d43a56b-f660-495e-8065-c58ac0b25f02_533x6a1e.png]
[cdn.shopify.com/s/files/1/0086/0251/7559/products/17_21afa0f1-1a98-4e1f-b2e0-cabfcef22618_533xa1b1.png]
[cdn.shopify.com/s/files/1/0086/0251/7559/products/20_e9ccb755-8c4d-434f-9beb-e70fd1d13151_533x91f5.png]
[cdn.shopify.com/s/files/1/0086/0251/7559/products/14_644abfe8-942e-469b-afb8-8778d5757e65_533xdd01.png]
[cdn.shopify.com/s/files/1/0086/0251/7559/products/15_5c669420-20dd-4001-89eb-841d20252e98_533x2df5.png]
[cdn.shopify.com/s/files/1/0086/0251/7559/files/Left-banner_6b9b6278-c0b2-4c75-a6ac-ab39bae0615ddb57.png]
[cdn.shopify.com/s/files/1/0086/0251/7559/products/5_463b6ce0-e7e0-461c-b9c1-c1d32af79676_533xac07.png]
[cdn.shopify.com/s/files/1/0086/0251/7559/products/6_533x7dd4.png]
[cdn.shopify.com/s/files/1/0086/0251/7559/products/3_28e3cf02-0b4c-4dfb-9fae-3ca0adb53740_533xba6a.png]
[cdn.shopify.com/s/files/1/0086/0251/7559/products/12_533xa0e4.png]
[cdn.shopify.com/s/files/1/0086/0251/7559/products/17_533xa49a.png]
[organic-ishi.myshopify.com/collections/organic-products51e5.html]
[cdn.shopify.com/s/files/1/0086/0251/7559/t/4/assets/collection-filters-form89f9.js]
[organic-ishi.myshopify.com/collections/organic-products.html]
[cdn.shopify.com/s/files/1/0086/0251/7559/collections/Category-banner3814.png]
[organic-ishi.myshopify.com/collections/fruits.atom]
[organic-ishi.myshopify.com/collections/fruits.oembed]
[organic-ishi.myshopify.com/collections/fruits4658.html]
[organic-ishi.myshopify.com/collections/fruits.html]
[cdn.shopify.com/s/files/1/0086/0251/7559/collections/Category-banner_12ad6bd5-f515-45e9-b523-8027984f2169e184.png]
[organic-ishi.myshopify.com/collections/fruits51e5.html]
[organic-ishi.myshopify.com/collections/vegetables.atom]
[organic-ishi.myshopify.com/collections/vegetables.oembed]
[organic-ishi.myshopify.com/collections/vegetables4658.html]
[organic-ishi.myshopify.com/collections/vegetables.html]
[cdn.shopify.com/s/files/1/0086/0251/7559/collections/Category-banner_04af0124-5a42-46c3-9f7a-b3e7bab427629043.png]
[organic-ishi.myshopify.com/collections/vegetables3f84.html]
[organic-ishi.myshopify.com/collections/organic.atom]
[organic-ishi.myshopify.com/collections/organic4658.html]
[organic-ishi.myshopify.com/collections/organic.oembed]
[organic-ishi.myshopify.com/collections/organic7c28.html]
[organic-ishi.myshopify.com/collections/organic.html]
[cdn.shopify.com/s/files/1/0086/0251/7559/collections/Category-banner_709271f1-ee84-4b94-a6af-2b7930cc3068d9e9.png]
[organic-ishi.myshopify.com/collections/special-oraganics.atom]
[organic-ishi.myshopify.com/collections/special-oraganics.oembed]
[organic-ishi.myshopify.com/collections/special-oraganics.html]
[organic-ishi.myshopify.com/products/mauris-bibendum.oembed]
[organic-ishi.myshopify.com/collections/special-oraganics6868.html]
[cdn.shopify.com/s/files/1/0086/0251/7559/t/4/compiled_assets/scriptse648.js]
[organic-ishi.myshopify.com/products/POST]
[cdn.shopify.com/s/files/1/0086/0251/7559/products/37bec.png]
[cdn.shopify.com/s/files/1/0086/0251/7559/products/42fbe.png]
[cdn.shopify.com/s/files/1/0086/0251/7559/products/58bfc.png]
[cdn.shopify.com/s/files/1/0086/0251/7559/t/4/assets/component-pickup-availability95ee.css]
[organic-ishi.myshopify.com/pages/sizechart.html]
[cdn.shopify.com/s/files/1/0086/0251/7559/t/4/assets/pickup-availability2b11.js]
[cdn.shopify.com/s/files/1/0086/0251/7559/files/trusted-image9002.png]
[s7.addthis.com/js/300/addthis_widget.js]
[cdn.shopify.com/s/files/1/0054/0567/1479/files/sizechart2687.png]
[cdn.shopify.com/s/files/1/0086/0251/7559/t/4/assets/product-form0bd1.js]
[cdn.shopify.com/s/files/1/0086/0251/7559/t/4/assets/elevatezoomc06e.js]
[organic-ishi.myshopify.com/products/mauris-bibendum.html]
[cdn.shopify.com/s/files/1/0086/0251/7559/collections/Category-banner_5b9fbb3f-c57e-4623-bb67-32db0de99669a8a2.png]
[organic-ishi.myshopify.com/collections/new-organics.atom]
[organic-ishi.myshopify.com/collections/new-organics.oembed]
[organic-ishi.myshopify.com/collections/new-organics.html]
[organic-ishi.myshopify.com/collections/men.html]
[organic-ishi.myshopify.com/collections/new-organics4658.html]
[organic-ishi.myshopify.com/products/fusce-fermentum.oembed]
[cdn.shopify.com/s/files/1/0086/0251/7559/products/4_77754d61-fbac-4098-a7f0-bd83cc73d7b296a7.png]
[cdn.shopify.com/s/files/1/0086/0251/7559/products/5_d57ccb4d-9be8-4fc2-a62e-d262c1fa8b1c273b.png]
[organic-ishi.myshopify.com/collections/new-organics0466.html]
[cdn.shopify.com/s/files/1/0086/0251/7559/products/6_3bb02f05-a4e7-46a2-9e32-d2621939a981df0d.png]
[organic-ishi.myshopify.com/products/fusce-fermentum.html]
[cdn.shopify.com/s/files/1/0086/0251/7559/products/3_05cdcdef-27c7-4959-9b4e-807c1d68a37b_533x2a90.png]
[cdn.shopify.com/s/files/1/0086/0251/7559/products/20_c81ec43b-1a12-4a21-a7cd-8ae909b02693_533x31bf.png]
[cdn.shopify.com/s/files/1/0086/0251/7559/products/10_7b94b89f-7956-4442-8943-f726aabce98b_533x0b2d.png]
[organic-ishi.myshopify.com/collections.html]
[cdn.shopify.com/s/files/1/0086/0251/7559/files/Coantact_Image5514.png]
[organic-ishi.myshopify.com/pages/contact.html]
[organic-ishi.myshopify.com/blogs/organic.atom]
[organic-ishi.myshopify.com/blogs/organic4658.html]
[organic-ishi.myshopify.com/blogs/POST]
[cdn.shopify.com/s/files/1/0086/0251/7559/t/4/assets/page-blog0689.css]
[organic-ishi.myshopify.com/blogs/organic.html]
[organic-ishi.myshopify.com/abcd.html]
[organic-ishi.myshopify.com/pages/faqs.html]
[cdn.shopify.com/s/files/1/0086/0251/7559/files/Organic-244ca.png]
[organic-ishi.myshopify.com/pages/about-us.html]
[organic-ishi.myshopify.com/products/american-orange.oembed]
[cdn.shopify.com/s/files/1/0086/0251/7559/products/5_1ca5c002-431f-4887-abaf-65da32badde1f593.png]
[cdn.shopify.com/s/files/1/0086/0251/7559/products/6_36b5e041-c536-42b9-83bd-930082702d02097d.png]
[cdn.shopify.com/s/files/1/0086/0251/7559/products/7_789aaa32-d126-4270-83a0-b2861b54f503457f.png]
[cdn.shopify.com/s/files/1/0086/0251/7559/products/13124eda7e864759b5fd70395db6c64e.thumbnail.0000000d080.jpg]
[cdn.shopify.com/s/files/1/0086/0251/7559/products/13124eda7e864759b5fd70395db6c64e.thumbnail.0000000_2048xd080.jpg]
[organic-ishi.myshopify.com/products/american-orange.html]
[organic-ishi.myshopify.com/products/donec-eu-libero.oembed]
[cdn.shopify.com/s/files/1/0086/0251/7559/products/142c28.png]
[cdn.shopify.com/s/files/1/0086/0251/7559/products/137f59.png]
[cdn.shopify.com/s/files/1/0086/0251/7559/products/15aeaa.png]
[cdn.shopify.com/s/files/1/0086/0251/7559/products/16e3ab.png]
[cdn.shopify.com/s/files/1/0086/0251/7559/products/27bacc25b88844c2bc23e39442a526cc.thumbnail.000000087a0.jpg]
[cdn.shopify.com/s/files/1/0086/0251/7559/products/27bacc25b88844c2bc23e39442a526cc.thumbnail.0000000_2048x87a0.jpg]
[organic-ishi.myshopify.com/products/donec-eu-libero.html]
[organic-ishi.myshopify.com/products/organic-banana.oembed]
[cdn.shopify.com/s/files/1/0086/0251/7559/products/15_70187ce5-b5e8-46b3-bf9a-3fcdc20e51d431bf.png]
[cdn.shopify.com/s/files/1/0086/0251/7559/products/14_56aab596-c064-483b-b020-43dbffa8e77031bf.png]
[cdn.shopify.com/s/files/1/0086/0251/7559/products/16_cba121fb-47de-46aa-894d-3693af7c610031bf.png]
[cdn.shopify.com/s/files/1/0086/0251/7559/products/17_c2c77e1b-4442-44d8-84f8-b35ea84f35a731bf.png]
[cdn.shopify.com/s/files/1/0086/0251/7559/products/19_9cf751dd-ce5e-4450-9f19-8874328a76cd31bf.png]
[cdn.shopify.com/s/files/1/0086/0251/7559/products/9e3fa8738d434ef1a1ad706c29952f3e.thumbnail.00000004223.jpg]
[cdn.shopify.com/s/files/1/0086/0251/7559/products/9e3fa8738d434ef1a1ad706c29952f3e.thumbnail.0000000_2048x4223.jpg]
[organic-ishi.myshopify.com/products/organic-banana.html]
[organic-ishi.myshopify.com/products/vel-neque-posuere.oembed]
[cdn.shopify.com/s/files/1/0086/0251/7559/products/10_bef66958-a61f-4261-bc95-818bd8871ee1133f.png]
[cdn.shopify.com/s/files/1/0086/0251/7559/products/18_a08c8998-94dd-49db-9228-f7b0bb9d7a6e8372.png]
[cdn.shopify.com/s/files/1/0086/0251/7559/products/19_4a518d9a-eedf-4665-9ba7-49bc40a25a9f63e4.png]
[organic-ishi.myshopify.com/products/vel-neque-posuere.html]
[organic-ishi.myshopify.com/products/the-watermalen.oembed]
[cdn.shopify.com/s/files/1/0086/0251/7559/products/16_5bf26b2b-f101-4ae2-8e08-cf4a4072e3c65428.png]
[cdn.shopify.com/s/files/1/0086/0251/7559/products/17_52c66581-a176-4a2d-a40d-2ce59cb5a5ab00fd.png]
[cdn.shopify.com/s/files/1/0086/0251/7559/products/18_901b9030-092b-4613-9110-8a815fc6fb9fcf60.png]
[cdn.shopify.com/s/files/1/0086/0251/7559/products/19_319b5fc9-afd6-48e4-bcc1-37687bbb1791de6e.png]
[organic-ishi.myshopify.com/products/the-watermalen.html]
[organic-ishi.myshopify.com/products/vis-feugiat-delenit.oembed]
[cdn.shopify.com/s/files/1/0086/0251/7559/products/14_07229eac-cb5a-49ad-afb8-4510329a861ecfcb.png]
[cdn.shopify.com/s/files/1/0086/0251/7559/products/15_72dfc2b9-1f8b-418d-9241-ffab639b3ee0e5f8.png]
[cdn.shopify.com/s/files/1/0086/0251/7559/products/20_aa052906-53d1-420c-9ba2-baa982830bc0e24a.png]
[organic-ishi.myshopify.com/products/vis-feugiat-delenit.html]
[organic-ishi.myshopify.com/products/consectetur-apple.oembed]
[cdn.shopify.com/s/files/1/0086/0251/7559/products/7_dc141a8e-2ee9-4cd0-a276-241e0c3956dfeba1.png]
[cdn.shopify.com/s/files/1/0086/0251/7559/products/8_dd9c8ad0-088a-4a73-bb3b-f204d3cb7e52b189.png]
[cdn.shopify.com/s/files/1/0086/0251/7559/products/17_a27a2acb-04d3-486b-b526-ac2f0e869889ea12.png]
[cdn.shopify.com/s/files/1/0086/0251/7559/products/20a6c3.png]
[cdn.shopify.com/s/files/1/0086/0251/7559/products/2074ecb47848409a8ab6cbf6b746b804.thumbnail.00000007b1c.jpg]
[cdn.shopify.com/s/files/1/0086/0251/7559/products/2074ecb47848409a8ab6cbf6b746b804.thumbnail.0000000_2048x7b1c.jpg]
[organic-ishi.myshopify.com/products/consectetur-apple.html]
[organic-ishi.myshopify.com/products/organic-chilli.oembed]
[cdn.shopify.com/s/files/1/0086/0251/7559/products/17_575792c9-793f-4418-ac41-67ad77be0903dc20.png]
[cdn.shopify.com/s/files/1/0086/0251/7559/products/18_52419a74-fc5c-4f72-a2c1-0a53c569fc921557.png]
[cdn.shopify.com/s/files/1/0086/0251/7559/products/19_f028acdd-89a3-42b9-9edd-a32b4e48cbc2662f.png]
[organic-ishi.myshopify.com/products/organic-chilli.html]
[organic-ishi.myshopify.com/products/japanese-strawberry.oembed]
[cdn.shopify.com/s/files/1/0086/0251/7559/products/7657d.png]
[cdn.shopify.com/s/files/1/0086/0251/7559/products/8d1f8.png]
[cdn.shopify.com/s/files/1/0086/0251/7559/products/9d505.png]
[organic-ishi.myshopify.com/products/japanese-strawberry.html]
[organic-ishi.myshopify.com/products/fresh-vagitables.oembed]
[cdn.shopify.com/s/files/1/0086/0251/7559/products/8_ec3b20e5-5fdd-4990-8cc2-74c6192581964df7.png]
[cdn.shopify.com/s/files/1/0086/0251/7559/products/9_ffb8cb05-ef0c-4eaa-9e16-c396e9f409353985.png]
[cdn.shopify.com/s/files/1/0086/0251/7559/products/16_5fa6bccc-0645-4b2b-bd74-b34f4fb8906cee3f.png]
[cdn.shopify.com/s/files/1/0086/0251/7559/products/3886a262d6194288b807bfe37a214917.thumbnail.00000001f00.jpg]
[cdn.shopify.com/s/files/1/0086/0251/7559/products/3886a262d6194288b807bfe37a214917.thumbnail.0000000_2048x1f00.jpg]
[organic-ishi.myshopify.com/products/fresh-vagitables.html]
[organic-ishi.myshopify.com/products/sed-at-nunc-quis.oembed]
[cdn.shopify.com/s/files/1/0086/0251/7559/products/5_d310b76a-38a5-4905-bfe2-f7a8f9ce7c98573c.png]
[cdn.shopify.com/s/files/1/0086/0251/7559/products/6_edbb2566-cf82-41c7-99e4-6019af38230d5914.png]
[cdn.shopify.com/s/files/1/0086/0251/7559/products/7_3b8905d4-b227-4577-a988-caf0bda7c0340f05.png]
[organic-ishi.myshopify.com/products/sed-at-nunc-quis.html]
[organic-ishi.myshopify.com/products/porro-quisquam.oembed]
[cdn.shopify.com/s/files/1/0086/0251/7559/products/8_70998cd2-95eb-464a-8850-4addd541811b42f5.png]
[cdn.shopify.com/s/files/1/0086/0251/7559/products/9_c1e2ac7f-3006-42e2-82ad-16d4f8395d505301.png]
[cdn.shopify.com/s/files/1/0086/0251/7559/products/1027c8.png]
[organic-ishi.myshopify.com/products/porro-quisquam.html]
[organic-ishi.myshopify.com/products/the-roasted-bean.oembed]
[cdn.shopify.com/s/files/1/0086/0251/7559/products/13_7bc98ea8-ccc6-4462-8eb4-c10e6f5d8e49f8e1.png]
[cdn.shopify.com/s/files/1/0086/0251/7559/products/14_7c46aced-939a-42fe-999b-cae4e9ba0742f8e1.png]
[cdn.shopify.com/s/files/1/0086/0251/7559/products/15_58979984-af6c-4b60-b52e-bcc12240cdedf8e1.png]
[organic-ishi.myshopify.com/products/the-roasted-bean.html]
[organic-ishi.myshopify.com/blogs/organic/POST.157.delayed]
[cdn.shopify.com/s/files/1/0086/0251/7559/articles/3_1100xb272.png]
[organic-ishi.myshopify.com/blogs/organic/scelerisque-vestibulum-urna.html]
[cdn.shopify.com/s/files/1/0086/0251/7559/articles/5_1100xc082.png]
[organic-ishi.myshopify.com/blogs/organic/upon-of-seasons-earth.html]
[cdn.shopify.com/s/files/1/0086/0251/7559/articles/6_1100x88c3.png]
[organic-ishi.myshopify.com/blogs/organic/nostro-expetenda-voluptat.html]
[cdn.shopify.com/s/files/1/0086/0251/7559/articles/4_1100x93c1.png]
[organic-ishi.myshopify.com/blogs/organic/lorem-ipsum-dolor-sit.html]
[cdn.shopify.com/s/files/1/0086/0251/7559/articles/8_1100x07d8.png]
[organic-ishi.myshopify.com/blogs/organic/upon-of-seasons-dominion.html]
[cdn.shopify.com/s/files/1/0086/0251/7559/articles/7_1100x7ae4.png]
[organic-ishi.myshopify.com/blogs/organic/nec-intellegat-deseruisse-te.html]
[organic-ishi.myshopify.com/account/login.html]
[organic-ishi.myshopify.com/account/POST.15f.delayed]
[organic-ishi.myshopify.com/account/login4236.html]
[organic-ishi.myshopify.com/account/register.html]
[cdn.shopify.com/s/files/1/0086/0251/7559/t/4/assets/cart8af5.js]
[organic-ishi.myshopify.com/cart.html]
[cdn.shopify.com/shopifycloud/shopify/assets/storefront/policy-3e4aa3c07a3a61780d16bc4b828d2fef9e1a20a44aae36e029a7b98e5ee5a4d0.css]
[organic-ishi.myshopify.com/collections/all.html]
[organic-ishi.myshopify.com/policies/POST.164.delayed]
[organic-ishi.myshopify.com/policies/refund-policy.html]
[organic-ishi.myshopify.com/ar/POST]
[organic-ishi.myshopify.com/ar/index.html]
[organic-ishi.myshopify.com/ar/collections/organic-products.atom]
[organic-ishi.myshopify.com/ar/collections/organic-products.oembed]
[organic-ishi.myshopify.com/ar/collections/POST]
[organic-ishi.myshopify.com/ar/collections/organic-products.html]
[organic-ishi.myshopify.com/ar/collections/organic-products51e5.html]
[organic-ishi.myshopify.com/ar/collections/fruits.atom]
[organic-ishi.myshopify.com/ar/collections/fruits4658.html]
[organic-ishi.myshopify.com/ar/collections/fruits.oembed]
[organic-ishi.myshopify.com/ar/collections/fruits.html]
[organic-ishi.myshopify.com/ar/collections/fruits51e5.html]
[organic-ishi.myshopify.com/ar/collections/vegetables.atom]
[organic-ishi.myshopify.com/ar/collections/vegetables4658.html]
[organic-ishi.myshopify.com/ar/collections/vegetables.oembed]
[organic-ishi.myshopify.com/ar/collections/vegetables.html]
[organic-ishi.myshopify.com/ar/collections/vegetables3f84.html]
[organic-ishi.myshopify.com/ar/collections/organic.atom]
[organic-ishi.myshopify.com/ar/collections/organic.oembed]
[organic-ishi.myshopify.com/ar/collections/organic4658.html]
[organic-ishi.myshopify.com/ar/collections/organic.html]
[organic-ishi.myshopify.com/ar/collections/organic7c28.html]
[organic-ishi.myshopify.com/ar/collections/special-oraganics.atom]
[organic-ishi.myshopify.com/ar/collections/special-oraganics.oembed]
[organic-ishi.myshopify.com/ar/collections/special-oraganics.html]
[organic-ishi.myshopify.com/ar/collections/special-oraganics6868.html]
[organic-ishi.myshopify.com/ar/products/mauris-bibendum.oembed]
[organic-ishi.myshopify.com/ar/products/POST]
[organic-ishi.myshopify.com/ar/products/mauris-bibendum.html]
[organic-ishi.myshopify.com/ar/pages/sizechart.html]
[organic-ishi.myshopify.com/ar/collections/new-organics.atom]
[organic-ishi.myshopify.com/ar/collections/new-organics4658.html]
[organic-ishi.myshopify.com/ar/collections/new-organics.oembed]
[organic-ishi.myshopify.com/ar/collections/new-organics.html]
[organic-ishi.myshopify.com/ar/collections/men.html]
[organic-ishi.myshopify.com/ar/collections/new-organics0466.html]
[organic-ishi.myshopify.com/ar/products/fusce-fermentum.html]
[organic-ishi.myshopify.com/ar/collections.html]
[organic-ishi.myshopify.com/ar/products/fusce-fermentum.oembed]
[organic-ishi.myshopify.com/ar/pages/POST]
[organic-ishi.myshopify.com/ar/pages/wishlist.html]
[organic-ishi.myshopify.com/ar/pages/contact.html]
[organic-ishi.myshopify.com/ar/blogs/organic.atom]
[organic-ishi.myshopify.com/ar/blogs/organic4658.html]
[organic-ishi.myshopify.com/ar/blogs/POST]
[organic-ishi.myshopify.com/ar/blogs/organic.html]
[organic-ishi.myshopify.com/ar/abcd.html]
[organic-ishi.myshopify.com/ar/pages/faqs.html]
[organic-ishi.myshopify.com/ar/pages/about-us.html]
[organic-ishi.myshopify.com/ar/products/american-orange.html]
[organic-ishi.myshopify.com/ar/products/american-orange.oembed]
[organic-ishi.myshopify.com/ar/products/donec-eu-libero.html]
[organic-ishi.myshopify.com/ar/products/donec-eu-libero.oembed]
[organic-ishi.myshopify.com/ar/products/organic-banana.html]
[organic-ishi.myshopify.com/ar/products/organic-banana.oembed]
[organic-ishi.myshopify.com/ar/products/vel-neque-posuere.html]
[organic-ishi.myshopify.com/ar/products/vel-neque-posuere.oembed]
[organic-ishi.myshopify.com/ar/products/the-watermalen.html]
[organic-ishi.myshopify.com/ar/products/the-watermalen.oembed]
[organic-ishi.myshopify.com/ar/products/vis-feugiat-delenit.html]
[organic-ishi.myshopify.com/ar/products/vis-feugiat-delenit.oembed]
[organic-ishi.myshopify.com/ar/products/consectetur-apple.html]
[organic-ishi.myshopify.com/ar/products/consectetur-apple.oembed]
[organic-ishi.myshopify.com/ar/products/organic-chilli.html]
[organic-ishi.myshopify.com/ar/products/organic-chilli.oembed]
[organic-ishi.myshopify.com/ar/products/japanese-strawberry.html]
[organic-ishi.myshopify.com/ar/products/japanese-strawberry.oembed]
[organic-ishi.myshopify.com/ar/products/fresh-vagitables.html]
[organic-ishi.myshopify.com/ar/products/fresh-vagitables.oembed]
[organic-ishi.myshopify.com/ar/products/sed-at-nunc-quis.html]
[organic-ishi.myshopify.com/ar/products/sed-at-nunc-quis.oembed]
[organic-ishi.myshopify.com/ar/products/porro-quisquam.html]
[organic-ishi.myshopify.com/ar/products/porro-quisquam.oembed]
[organic-ishi.myshopify.com/ar/products/the-roasted-bean.html]
[organic-ishi.myshopify.com/ar/products/the-roasted-bean.oembed]
[organic-ishi.myshopify.com/ar/blogs/organic/POST]
[organic-ishi.myshopify.com/ar/blogs/organic/scelerisque-vestibulum-urna.html]
[organic-ishi.myshopify.com/ar/blogs/organic/upon-of-seasons-earth.html]
[organic-ishi.myshopify.com/ar/blogs/organic/nostro-expetenda-voluptat.html]
[organic-ishi.myshopify.com/ar/blogs/organic/lorem-ipsum-dolor-sit.html]
[organic-ishi.myshopify.com/ar/blogs/organic/upon-of-seasons-dominion.html]
[organic-ishi.myshopify.com/ar/blogs/organic/nec-intellegat-deseruisse-te.html]
[organic-ishi.myshopify.com/ar/account/login.html]
[organic-ishi.myshopify.com/ar/account/POST]
[organic-ishi.myshopify.com/ar/account/loginbb0d.html]
[organic-ishi.myshopify.com/ar/account/register.html]
[organic-ishi.myshopify.com/ar/cart.html]
[organic-ishi.myshopify.com/ar/collections/all.html]
[organic-ishi.myshopify.com/ar/policies/POST]
[organic-ishi.myshopify.com/ar/policies/refund-policy.html]
[organic-ishi.myshopify.com/es/POST]
[organic-ishi.myshopify.com/es/index.html]
[organic-ishi.myshopify.com/es/collections/organic-products.atom]
[organic-ishi.myshopify.com/es/collections/organic-products.oembed]
[organic-ishi.myshopify.com/es/collections/POST]
[organic-ishi.myshopify.com/es/collections/organic-products.html]
[organic-ishi.myshopify.com/es/collections/organic-products51e5.html]
[organic-ishi.myshopify.com/es/collections/fruits.atom]
[organic-ishi.myshopify.com/es/collections/fruits4658.html]
[organic-ishi.myshopify.com/es/collections/fruits.oembed]
[organic-ishi.myshopify.com/es/collections/fruits.html]
[organic-ishi.myshopify.com/es/collections/fruits51e5.html]
[organic-ishi.myshopify.com/es/collections/vegetables.atom]
[organic-ishi.myshopify.com/es/collections/vegetables4658.html]
[organic-ishi.myshopify.com/es/collections/vegetables.oembed]
[organic-ishi.myshopify.com/es/collections/vegetables.html]
[organic-ishi.myshopify.com/es/collections/vegetables3f84.html]
[organic-ishi.myshopify.com/es/collections/organic.atom]
[organic-ishi.myshopify.com/es/collections/organic.oembed]
[organic-ishi.myshopify.com/es/collections/organic4658.html]
[organic-ishi.myshopify.com/es/collections/organic.html]
[organic-ishi.myshopify.com/es/collections/organic7c28.html]
[organic-ishi.myshopify.com/es/collections/special-oraganics.atom]
[organic-ishi.myshopify.com/es/collections/special-oraganics.oembed]
[organic-ishi.myshopify.com/es/collections/special-oraganics.html]
[organic-ishi.myshopify.com/es/collections/special-oraganics6868.html]
[organic-ishi.myshopify.com/es/products/mauris-bibendum.oembed]
[organic-ishi.myshopify.com/es/products/POST]
[organic-ishi.myshopify.com/es/products/mauris-bibendum.html]
[organic-ishi.myshopify.com/es/pages/sizechart.html]
[organic-ishi.myshopify.com/es/collections/new-organics.atom]
[organic-ishi.myshopify.com/es/collections/new-organics.oembed]
[organic-ishi.myshopify.com/es/collections/new-organics4658.html]
[organic-ishi.myshopify.com/es/collections/new-organics.html]
[organic-ishi.myshopify.com/es/collections/men.html]
[organic-ishi.myshopify.com/es/collections/new-organics0466.html]
[organic-ishi.myshopify.com/es/products/fusce-fermentum.html]
[organic-ishi.myshopify.com/es/collections.html]
[organic-ishi.myshopify.com/es/products/fusce-fermentum.oembed]
[organic-ishi.myshopify.com/es/pages/POST]
[organic-ishi.myshopify.com/es/pages/wishlist.html]
[organic-ishi.myshopify.com/es/pages/contact.html]
[organic-ishi.myshopify.com/es/blogs/organic.atom]
[organic-ishi.myshopify.com/es/blogs/organic4658.html]
[organic-ishi.myshopify.com/es/blogs/POST]
[organic-ishi.myshopify.com/es/blogs/organic.html]
[organic-ishi.myshopify.com/es/abcd.html]
[organic-ishi.myshopify.com/es/pages/faqs.html]
[organic-ishi.myshopify.com/es/pages/about-us.html]
[organic-ishi.myshopify.com/es/products/american-orange.html]
[organic-ishi.myshopify.com/es/products/american-orange.oembed]
[organic-ishi.myshopify.com/es/products/donec-eu-libero.html]
[organic-ishi.myshopify.com/es/products/donec-eu-libero.oembed]
[organic-ishi.myshopify.com/es/products/organic-banana.html]
[organic-ishi.myshopify.com/es/products/organic-banana.oembed]
[organic-ishi.myshopify.com/es/products/vel-neque-posuere.html]
[organic-ishi.myshopify.com/es/products/vel-neque-posuere.oembed]
[organic-ishi.myshopify.com/es/products/the-watermalen.html]
[organic-ishi.myshopify.com/es/products/the-watermalen.oembed]
[organic-ishi.myshopify.com/es/products/vis-feugiat-delenit.html]
[organic-ishi.myshopify.com/es/products/vis-feugiat-delenit.oembed]
[organic-ishi.myshopify.com/es/products/consectetur-apple.html]
[organic-ishi.myshopify.com/es/products/consectetur-apple.oembed]
[organic-ishi.myshopify.com/es/products/organic-chilli.html]
[organic-ishi.myshopify.com/es/products/organic-chilli.oembed]
[organic-ishi.myshopify.com/es/products/japanese-strawberry.html]
[organic-ishi.myshopify.com/es/products/japanese-strawberry.oembed]
[organic-ishi.myshopify.com/es/products/fresh-vagitables.html]
[organic-ishi.myshopify.com/es/products/fresh-vagitables.oembed]
[organic-ishi.myshopify.com/es/products/sed-at-nunc-quis.html]
[organic-ishi.myshopify.com/es/products/sed-at-nunc-quis.oembed]
[organic-ishi.myshopify.com/es/products/porro-quisquam.html]
[organic-ishi.myshopify.com/es/products/porro-quisquam.oembed]
[organic-ishi.myshopify.com/es/products/the-roasted-bean.html]
[organic-ishi.myshopify.com/es/products/the-roasted-bean.oembed]
[organic-ishi.myshopify.com/es/blogs/organic/POST]
[organic-ishi.myshopify.com/es/blogs/organic/scelerisque-vestibulum-urna.html]
[organic-ishi.myshopify.com/es/blogs/organic/upon-of-seasons-earth.html]
[organic-ishi.myshopify.com/es/blogs/organic/nostro-expetenda-voluptat.html]
[organic-ishi.myshopify.com/es/blogs/organic/lorem-ipsum-dolor-sit.html]
[organic-ishi.myshopify.com/es/blogs/organic/upon-of-seasons-dominion.html]
[organic-ishi.myshopify.com/es/blogs/organic/nec-intellegat-deseruisse-te.html]
[organic-ishi.myshopify.com/es/account/login.html]
[organic-ishi.myshopify.com/es/account/POST]
[organic-ishi.myshopify.com/es/account/loginfdf5.html]
[organic-ishi.myshopify.com/es/account/register.html]
[organic-ishi.myshopify.com/es/cart.html]
[organic-ishi.myshopify.com/es/collections/all.html]
[organic-ishi.myshopify.com/es/policies/POST]
[organic-ishi.myshopify.com/es/policies/refund-policy.html]
[cdn.shopify.com/s/files/1/0086/0251/7559/t/4/assets/owl.video.play.html]
[organic-ishi.myshopify.com/pages/POST.html]
[organic-ishi.myshopify.com/collections/POST.html]
[organic-ishi.myshopify.com/collections/organic-products51e5.html]
[organic-ishi.myshopify.com/collections/fruits4658.html]
[organic-ishi.myshopify.com/collections/fruits4658.oembed]
[organic-ishi.myshopify.com/collections/fruits2679.html]
[organic-ishi.myshopify.com/collections/fruits51e5.html]
[organic-ishi.myshopify.com/collections/fruits26ba.html]
[organic-ishi.myshopify.com/collections/vegetables4658.html]
[organic-ishi.myshopify.com/collections/vegetables4658.oembed]
[organic-ishi.myshopify.com/collections/vegetables2679.html]
[organic-ishi.myshopify.com/collections/vegetables3f84.html]
[organic-ishi.myshopify.com/collections/vegetables040f.html]
[organic-ishi.myshopify.com/collections/organic2679.html]
[organic-ishi.myshopify.com/collections/organic4658.html]
[organic-ishi.myshopify.com/collections/organic4658.oembed]
[organic-ishi.myshopify.com/collections/organic7c28.html]
[organic-ishi.myshopify.com/collections/special-oraganics6868.html]
[organic-ishi.myshopify.com/products/POST.html]
[organic-ishi.myshopify.com/pages/sizechart.html]
[cdn.shopify.com/s/files/1/0086/0251/7559/t/4/assets/component-pickup-availability95ee.css]
[organic-ishi.myshopify.com/collections/organica007.html]
[organic-ishi.myshopify.com/collections/new-organics4658.html]
[organic-ishi.myshopify.com/collections/new-organics4658.oembed]
[organic-ishi.myshopify.com/collections/new-organics2679.html]
[organic-ishi.myshopify.com/collections/new-organics0466.html]
[organic-ishi.myshopify.com/collections/new-organics535a.html]
[organic-ishi.myshopify.com/blogs/organic2679.html]
[cdn.shopify.com/s/files/1/0086/0251/7559/articles/28eab.png]
[organic-ishi.myshopify.com/blogs/organic/lorem-ipsum-dolor-sit-amet-ipsum.html]
[cdn.shopify.com/s/files/1/0086/0251/7559/articles/1f1d7.png]
[organic-ishi.myshopify.com/blogs/organic4658.html]
[organic-ishi.myshopify.com/blogs/POST.html]
[cdn.shopify.com/s/files/1/0086/0251/7559/t/4/assets/page-blog0689.css]
[organic-ishi.myshopify.com/blogs/organic/POST.html]
[organic-ishi.myshopify.com/account/login.html]
[organic-ishi.myshopify.com/account/POST.html]
[organic-ishi.myshopify.com/account/register.html]
[organic-ishi.myshopify.com/blogs/organic/christmas-sale-is-here-7.html]
[organic-ishi.myshopify.com/collections/all.atom]
[organic-ishi.myshopify.com/collections/all4658.html]
[organic-ishi.myshopify.com/collections/all.html]
[cdn.shopify.com/shopifycloud/shopify/assets/storefront/policy-3e4aa3c07a3a61780d16bc4b828d2fef9e1a20a44aae36e029a7b98e5ee5a4d0.css]
[organic-ishi.myshopify.com/policies/POST.html]
[organic-ishi.myshopify.com/ar/POST.html]
[organic-ishi.myshopify.com/ar/collections/POST.html]
[organic-ishi.myshopify.com/ar/collections/organic-products51e5.html]
[organic-ishi.myshopify.com/collections/all911b.html]
[organic-ishi.myshopify.com/ar/collections/fruits2679.html]
[organic-ishi.myshopify.com/ar/collections/fruits4658.oembed]
[organic-ishi.myshopify.com/ar/collections/fruits4658.html]
[organic-ishi.myshopify.com/ar/collections/fruits51e5.html]
[organic-ishi.myshopify.com/ar/collections/fruits26ba.html]
[organic-ishi.myshopify.com/ar/collections/vegetables2679.html]
[organic-ishi.myshopify.com/ar/collections/vegetables4658.oembed]
[organic-ishi.myshopify.com/ar/collections/vegetables4658.html]
[organic-ishi.myshopify.com/ar/collections/vegetables3f84.html]
[organic-ishi.myshopify.com/ar/collections/vegetables040f.html]
[organic-ishi.myshopify.com/ar/collections/organic2679.html]
[organic-ishi.myshopify.com/ar/collections/organic4658.html]
[organic-ishi.myshopify.com/ar/collections/organic4658.oembed]
[organic-ishi.myshopify.com/ar/collections/organic7c28.html]
[organic-ishi.myshopify.com/ar/collections/special-oraganics6868.html]
[organic-ishi.myshopify.com/ar/products/POST.html]
[organic-ishi.myshopify.com/ar/pages/sizechart.html]
[organic-ishi.myshopify.com/ar/collections/organica007.html]
[organic-ishi.myshopify.com/ar/collections/new-organics2679.html]
[organic-ishi.myshopify.com/ar/collections/new-organics4658.html]
[organic-ishi.myshopify.com/ar/collections/new-organics4658.oembed]
[organic-ishi.myshopify.com/ar/collections/new-organics0466.html]
[organic-ishi.myshopify.com/ar/pages/POST.html]
[organic-ishi.myshopify.com/ar/collections/new-organics535a.html]
[organic-ishi.myshopify.com/ar/blogs/organic2679.html]
[organic-ishi.myshopify.com/ar/blogs/organic/lorem-ipsum-dolor-sit-amet-ipsum.html]
[organic-ishi.myshopify.com/ar/blogs/organic4658.html]
[organic-ishi.myshopify.com/ar/blogs/POST.html]
[organic-ishi.myshopify.com/ar/blogs/organic/POST.html]
[organic-ishi.myshopify.com/ar/account/login.html]
[organic-ishi.myshopify.com/ar/account/POST.html]
[organic-ishi.myshopify.com/ar/account/register.html]
[organic-ishi.myshopify.com/ar/blogs/organic/christmas-sale-is-here-7.html]
[organic-ishi.myshopify.com/ar/collections/all.atom]
[organic-ishi.myshopify.com/ar/collections/all4658.html]
[organic-ishi.myshopify.com/ar/collections/all.html]
[organic-ishi.myshopify.com/ar/policies/POST.html]
[organic-ishi.myshopify.com/es/POST.html]
[organic-ishi.myshopify.com/es/collections/POST.html]
[organic-ishi.myshopify.com/es/collections/organic-products51e5.html]
[organic-ishi.myshopify.com/ar/collections/all911b.html]
[organic-ishi.myshopify.com/es/collections/fruits4658.html]
[organic-ishi.myshopify.com/es/collections/fruits4658.oembed]
[organic-ishi.myshopify.com/es/collections/fruits2679.html]
[organic-ishi.myshopify.com/es/collections/fruits51e5.html]
[organic-ishi.myshopify.com/es/collections/fruits26ba.html]
[organic-ishi.myshopify.com/es/collections/vegetables4658.html]
[organic-ishi.myshopify.com/es/collections/vegetables2679.html]
[organic-ishi.myshopify.com/es/collections/vegetables4658.oembed]
[organic-ishi.myshopify.com/es/collections/vegetables3f84.html]
[organic-ishi.myshopify.com/es/collections/vegetables040f.html]
[organic-ishi.myshopify.com/es/collections/organic2679.html]
[organic-ishi.myshopify.com/es/collections/organic4658.html]
[organic-ishi.myshopify.com/es/collections/organic4658.oembed]
[organic-ishi.myshopify.com/es/collections/organic7c28.html]
[organic-ishi.myshopify.com/es/collections/special-oraganics6868.html]
[organic-ishi.myshopify.com/es/products/POST.html]
[organic-ishi.myshopify.com/es/pages/sizechart.html]
[organic-ishi.myshopify.com/es/collections/organica007.html]
[organic-ishi.myshopify.com/es/collections/new-organics2679.html]
[organic-ishi.myshopify.com/es/collections/new-organics4658.html]
[organic-ishi.myshopify.com/es/collections/new-organics4658.oembed]
[organic-ishi.myshopify.com/es/collections/new-organics0466.html]
[organic-ishi.myshopify.com/es/pages/POST.html]
[organic-ishi.myshopify.com/es/collections/new-organics535a.html]
[organic-ishi.myshopify.com/es/blogs/organic2679.html]
[organic-ishi.myshopify.com/es/blogs/organic/lorem-ipsum-dolor-sit-amet-ipsum.html]
[organic-ishi.myshopify.com/es/blogs/organic4658.html]
[organic-ishi.myshopify.com/es/blogs/POST.html]
[organic-ishi.myshopify.com/es/blogs/organic/POST.html]
[organic-ishi.myshopify.com/es/account/login.html]
[organic-ishi.myshopify.com/es/account/POST.html]
[organic-ishi.myshopify.com/es/account/register.html]
[organic-ishi.myshopify.com/es/blogs/organic/christmas-sale-is-here-7.html]
[organic-ishi.myshopify.com/es/collections/all.atom]
[organic-ishi.myshopify.com/es/collections/all4658.html]
[organic-ishi.myshopify.com/es/collections/all.html]
[organic-ishi.myshopify.com/es/policies/POST.html]
[organic-ishi.myshopify.com/collections/fruits2679.html]
[organic-ishi.myshopify.com/es/collections/all911b.html]
[organic-ishi.myshopify.com/collections/fruits26ba.html]
[organic-ishi.myshopify.com/collections/vegetables2679.html]
[organic-ishi.myshopify.com/collections/fruits2991.html]
[organic-ishi.myshopify.com/collections/vegetables040f.html]
[organic-ishi.myshopify.com/collections/organic2679.html]
[organic-ishi.myshopify.com/collections/vegetablesb8cb.html]
[organic-ishi.myshopify.com/collections/organica007.html]
[organic-ishi.myshopify.com/collections/new-organics2679.html]
[organic-ishi.myshopify.com/collections/organicf818.html]
[organic-ishi.myshopify.com/collections/new-organics535a.html]
[organic-ishi.myshopify.com/blogs/organic2679.html]
[cdn.shopify.com/s/files/1/0086/0251/7559/articles/2_1100x8eab.png]
[organic-ishi.myshopify.com/blogs/organic/lorem-ipsum-dolor-sit-amet-ipsum.html]
[organic-ishi.myshopify.com/collections/new-organicsf2eb.html]
[cdn.shopify.com/s/files/1/0086/0251/7559/articles/1_1100xf1d7.png]
[organic-ishi.myshopify.com/blogs/organic/christmas-sale-is-here-7.html]
[organic-ishi.myshopify.com/collections/all4658.html]
[organic-ishi.myshopify.com/collections/all2679.html]
[organic-ishi.myshopify.com/collections/all911b.html]
[organic-ishi.myshopify.com/ar/collections/fruits2679.html]
[organic-ishi.myshopify.com/collections/alla219.html]
[organic-ishi.myshopify.com/ar/collections/fruits26ba.html]
[organic-ishi.myshopify.com/ar/collections/vegetables2679.html]
[organic-ishi.myshopify.com/ar/collections/fruits2991.html]
[organic-ishi.myshopify.com/ar/collections/vegetables040f.html]
[organic-ishi.myshopify.com/ar/collections/organic2679.html]
[organic-ishi.myshopify.com/ar/collections/vegetablesb8cb.html]
[organic-ishi.myshopify.com/ar/collections/organica007.html]
[organic-ishi.myshopify.com/ar/collections/new-organics2679.html]
[organic-ishi.myshopify.com/ar/collections/organicf818.html]
[organic-ishi.myshopify.com/ar/collections/new-organics535a.html]
[organic-ishi.myshopify.com/ar/blogs/organic2679.html]
[organic-ishi.myshopify.com/ar/blogs/organic/lorem-ipsum-dolor-sit-amet-ipsum.html]
[organic-ishi.myshopify.com/ar/blogs/organic/christmas-sale-is-here-7.html]
[organic-ishi.myshopify.com/ar/collections/new-organicsf2eb.html]
[organic-ishi.myshopify.com/ar/collections/all4658.html]
[organic-ishi.myshopify.com/ar/collections/all2679.html]
[organic-ishi.myshopify.com/ar/collections/all911b.html]
[organic-ishi.myshopify.com/es/collections/fruits2679.html]
[organic-ishi.myshopify.com/ar/collections/alla219.html]
[organic-ishi.myshopify.com/es/collections/fruits26ba.html]
[organic-ishi.myshopify.com/es/collections/vegetables2679.html]
[organic-ishi.myshopify.com/es/collections/fruits2991.html]
[organic-ishi.myshopify.com/es/collections/vegetables040f.html]
[organic-ishi.myshopify.com/es/collections/organic2679.html]
[organic-ishi.myshopify.com/es/collections/vegetablesb8cb.html]
[organic-ishi.myshopify.com/es/collections/organica007.html]
[organic-ishi.myshopify.com/es/collections/new-organics2679.html]
[organic-ishi.myshopify.com/es/collections/organicf818.html]
[organic-ishi.myshopify.com/es/collections/new-organics535a.html]
[organic-ishi.myshopify.com/es/blogs/organic2679.html]
[organic-ishi.myshopify.com/es/blogs/organic/lorem-ipsum-dolor-sit-amet-ipsum.html]
[organic-ishi.myshopify.com/es/blogs/organic/christmas-sale-is-here-7.html]
[organic-ishi.myshopify.com/es/collections/new-organicsf2eb.html]
[organic-ishi.myshopify.com/es/collections/all4658.html]
[organic-ishi.myshopify.com/es/collections/all2679.html]
[organic-ishi.myshopify.com/es/collections/all911b.html]
[organic-ishi.myshopify.com/collections/fruits2991.html]
[organic-ishi.myshopify.com/collections/vegetablesb8cb.html]
[organic-ishi.myshopify.com/collections/organicf818.html]
[organic-ishi.myshopify.com/collections/new-organicsf2eb.html]
[organic-ishi.myshopify.com/collections/all2679.html]
[organic-ishi.myshopify.com/es/collections/alla219.html]
[organic-ishi.myshopify.com/collections/alla219.html]
[organic-ishi.myshopify.com/ar/collections/fruits2991.html]
[organic-ishi.myshopify.com/ar/collections/vegetablesb8cb.html]
[organic-ishi.myshopify.com/ar/collections/organicf818.html]
[organic-ishi.myshopify.com/collections/all10c7.html]
[organic-ishi.myshopify.com/ar/collections/new-organicsf2eb.html]
[organic-ishi.myshopify.com/ar/collections/all2679.html]
[organic-ishi.myshopify.com/ar/collections/alla219.html]
[organic-ishi.myshopify.com/es/collections/fruits2991.html]
[organic-ishi.myshopify.com/es/collections/vegetablesb8cb.html]
[organic-ishi.myshopify.com/es/collections/organicf818.html]
[organic-ishi.myshopify.com/es/collections/new-organicsf2eb.html]
[organic-ishi.myshopify.com/ar/collections/all10c7.html]
[organic-ishi.myshopify.com/es/collections/all2679.html]
[organic-ishi.myshopify.com/es/collections/alla219.html]
[organic-ishi.myshopify.com/collections/all10c7.html]
[organic-ishi.myshopify.com/ar/collections/all10c7.html]
[organic-ishi.myshopify.com/es/collections/all10c7.html]
[organic-ishi.myshopify.com/es/collections/all10c7.html]
